SQL> /*
SQL> SUB-QUERY CASE 2
SQL> -------------------------------
SQL> 31.WAQTD NAMES OF THE EMPLOYEES EARNING MORE THAN SCOTT IN ACCOUNTING DEPT
SQL> 32.WAQTD DETAILS OF THE EMPLOYEES WORKING AS MANAGER IN THE LOCATION CHICAGO
SQL> 33.WAQTD NAME AND SAL OF THE EMPLOYEES EARNING MORE THAN KING IN THE DEPT ACCOUNTING
SQL> 34.WAQTD DETAILS OF THE EMPLOYEES WORKING AS SALESMAN IN THE DEPARTEMENT SALES
SQL> 35.WAQTD NAME , SAL , JOB , HIREDATE OF THE EMPLOYEES WORKING IN OPERATIONS DEPARTMENT AND
SQL> HIRED BEFORE KING
SQL> 36.DISPLAY ALL THE EMPLOYEES WHOSE DEPARTMET NAMES ENDING 'S'.
SQL> 37.WAQTD DNAME OF THE EMPLOYEES WHOS NAMES HAS CHARACTER 'A' IN IT .
SQL> 38.WAQTD DNAME AND LOC OF THE EMPLOYEES WHOS SALARY IS RUPEES 800 .
SQL> 39.WAQTD DNAME OF THE EMPLOYEES WHO EARN COMISSION
SQL> 40.WAQTD LOC OF THE EMPLOYEES IF THEY EARN COMISSION IN DEPT 40
SQL> *?
SQL> /
SQL> --1
SQL> 
SQL> SELECT ENAME
SQL> FROM EMP
SQL> WHERE SAL > (SELECT SAL FROM EMP WHERE ENAME = 'SCOTT')
SQL> AND DEPTNO = (SELECT DEPTNO FROM DEPT WHERE DNAME = 'ACCOUNTING');
SQL> */
SQL> 
SQL> --1
SQL> 
SQL> SELECT ENAME
  2  FROM EMP
  3  WHERE SAL > (SELECT SAL FROM EMP WHERE ENAME = 'SCOTT')
  4  AND DEPTNO = (SELECT DEPTNO FROM DEPT WHERE DNAME = 'ACCOUNTING');

ENAME                                                                           
----------                                                                      
KING                                                                            

SQL> --32
SQL> SELECT *
  2  FROM EMP
  3  WHERE JOB = 'MANAGER'
  4  AND DEPTNO = (SELECT DEPTNO FROM DEPT WHERE LOC = 'CHICAGO');

     EMPNO ENAME      JOB              MGR HIREDATE         SAL       COMM      
---------- ---------- --------- ---------- --------- ---------- ----------      
    DEPTNO                                                                      
----------                                                                      
      7698 BLAKE      MANAGER         7839 01-MAY-81       2850                 
        30                                                                      
                                                                                

SQL> SET LINES 200 PAGES 100
SQL> /

     EMPNO ENAME      JOB              MGR HIREDATE         SAL       COMM     DEPTNO                                                                                                                   
---------- ---------- --------- ---------- --------- ---------- ---------- ----------                                                                                                                   
      7698 BLAKE      MANAGER         7839 01-MAY-81       2850                    30                                                                                                                   

SQL> --3
SQL> SELECT ENAME, SAL
  2  FROM EMP
  3  WHERE SAL > (SELECT SAL FROM EMP WHERE ENAME = 'KING')
  4  AND DEPTNO = (SELECT DEPTNO FROM DEPT WHERE DNAME = 'ACCOUNTING');

no rows selected

SQL> --4
SQL> SELECT *
  2  FROM EMP
  3  WHERE JOB = 'SALESMAN'
  4  AND DEPTNO = (SELECT DEPTNO FROM DEPT WHERE DNAME = 'SALES');

     EMPNO ENAME      JOB              MGR HIREDATE         SAL       COMM     DEPTNO                                                                                                                   
---------- ---------- --------- ---------- --------- ---------- ---------- ----------                                                                                                                   
      7499 ALLEN      SALESMAN        7698 20-FEB-81       1600        300         30                                                                                                                   
      7521 WARD       SALESMAN        7698 22-FEB-81       1250        500         30                                                                                                                   
      7654 MARTIN     SALESMAN        7698 28-SEP-81       1250       1400         30                                                                                                                   
      7844 TURNER     SALESMAN        7698 08-SEP-81       1500          0         30                                                                                                                   

SQL> --5
SQL> SELECT ENAME, SAL, JOB, HIREDATE
  2  FROM EMP
  3  WHERE DEPTNO = (SELECT DEPTNO FROM DEPT WHERE DNAME = 'OPERATIONS')
  4  AND HIREDATE < (SELECT HIREDATE FROM EMP WHERE ENAME = 'KING');

no rows selected

SQL> --6
SQL> SELECT *
  2  FROM EMP
  3  WHERE DEPTNO IN (SELECT DEPTNO FROM DEPT WHERE DNAME LIKE '%S');

     EMPNO ENAME      JOB              MGR HIREDATE         SAL       COMM     DEPTNO                                                                                                                   
---------- ---------- --------- ---------- --------- ---------- ---------- ----------                                                                                                                   
      7499 ALLEN      SALESMAN        7698 20-FEB-81       1600        300         30                                                                                                                   
      7521 WARD       SALESMAN        7698 22-FEB-81       1250        500         30                                                                                                                   
      7654 MARTIN     SALESMAN        7698 28-SEP-81       1250       1400         30                                                                                                                   
      7698 BLAKE      MANAGER         7839 01-MAY-81       2850                    30                                                                                                                   
      7844 TURNER     SALESMAN        7698 08-SEP-81       1500          0         30                                                                                                                   
      7900 JAMES      CLERK           7698 03-DEC-81        950                    30                                                                                                                   

6 rows selected.

SQL> --7
SQL> SELECT DISTINCT DNAME
  2  FROM DEPT
  3  WHERE DEPTNO IN (SELECT DEPTNO FROM EMP WHERE ENAME LIKE '%A%');

DNAME                                                                                                                                                                                                   
--------------                                                                                                                                                                                          
ACCOUNTING                                                                                                                                                                                              
RESEARCH                                                                                                                                                                                                
SALES                                                                                                                                                                                                   

SQL> --8
SQL> SELECT DNAME, LOC
  2  FROM DEPT
  3  WHERE DEPTNO IN (SELECT DEPTNO FROM EMP WHERE SAL = 800);

DNAME          LOC                                                                                                                                                                                      
-------------- -------------                                                                                                                                                                            
RESEARCH       DALLAS                                                                                                                                                                                   

SQL> --9
SQL> SELECT DISTINCT DNAME
  2  FROM DEPT
  3  WHERE DEPTNO IN (SELECT DISTINCT DEPTNO FROM EMP WHERE COMM IS NOT NULL AND COMM > 0);

DNAME                                                                                                                                                                                                   
--------------                                                                                                                                                                                          
SALES                                                                                                                                                                                                   

SQL> --10
SQL> SELECT DISTINCT LOC
  2  FROM DEPT
  3  WHERE DEPTNO = 40
  4  AND DEPTNO IN (SELECT DISTINCT DEPTNO FROM EMP WHERE COMM IS NOT NULL AND COMM > 0);

no rows selected

SQL> SPOOL OFF;
